// Jest Snapshot v1, https://goo.gl/fbAQLP

exports[`.toHaveStyle handles negative test cases 1`] = `
"expect(element).toHaveStyle()

- Expected

  backgroundColor: blue;
  transform: [
    {
-     "scale": 1
+     "scale": 2
+   },
+   {
+     "rotate": "45deg"
    }
  ];"
`;

exports[`.toHaveStyle handles transform when transform undefined 1`] = `
"expect(element).toHaveStyle()

- Expected

- transform: [
-   {
-     "scale": 1
-   }
- ];
+ transform: undefined;"
`;
